[ChoiceModel] GPT price-threshold mode enabled (thresholds consumed from profile).
Intel MKL WARNING: Support of Intel(R) Streaming SIMD Extensions 4.2 (Intel(R) SSE4.2) enabled only processors has been deprecated. Intel oneAPI Math Kernel Library 2025.0 will require Intel(R) Advanced Vector Extensions (Intel(R) AVX) instructions.
Using random seed: 1083622708
[RewardConfig] share=0.60, revenue=0.40, overprice_penalty=0.35, rev_scale=25.00, competitive=0.12, trend=0.08
[Calibration] Applied preset=nyc_public for market=New York City.
[Calibration] {
  "sample_size": 12000000,
  "market": {
    "weather_probs": {
      "clear": 0.58,
      "rain": 0.29,
      "snow": 0.13
    },
    "service_probs": {
      "economy": 0.88,
      "premium": 0.12
    },
    "airport_prob": 0.19
  },
  "agent": {
    "age_mean": 36.8,
    "age_std": 12.4,
    "income_probs": {
      "<50k": 0.21,
      "50k-100k": 0.34,
      "100k-200k": 0.29,
      "200k+": 0.16
    },
    "household_lambda": 1.95,
    "p_new": 0.34
  },
  "choice": {
    "price_sensitivity_scale": 1.12,
    "loyalty_scale": 0.97,
    "reliability_scale": 1.08
  }
}
[GPT threshold fallback] partial_batch: usable=16/20
[GPT threshold fallback] batch_failed: TimeoutError: The read operation timed out
