Intel MKL WARNING: Support of Intel(R) Streaming SIMD Extensions 4.2 (Intel(R) SSE4.2) enabled only processors has been deprecated. Intel oneAPI Math Kernel Library 2025.0 will require Intel(R) Advanced Vector Extensions (Intel(R) AVX) instructions.
[WARN] --report_prefix was absolute (/Users/huali/Desktop/RideResponse/artifacts/policy_profit_v7_seed4303_top2_nyc_robustness/actual_if_available_p27183_d15485863_run); rewriting to /Users/huali/Desktop/RideResponse/actual_if_available_p27183_d15485863_run so graphs are generated in code folder.
[WARN] --comparison_plot_prefix was absolute (/Users/huali/Desktop/RideResponse/artifacts/policy_profit_v7_seed4303_top2_nyc_robustness/actual_if_available_p27183_d15485863); rewriting to /Users/huali/Desktop/RideResponse/actual_if_available_p27183_d15485863 so graphs are generated in code folder.
[ChoiceModel] GPT price-threshold mode enabled (thresholds consumed from profile).
Using random seed: 4303
[LongTermProfitReward] own=1.000*asinh(profit/4.00) + dominance=0.100*profit_quality*tanh((profit-rival_profit)/2.50), profit_quality=1-exp(-max(profit,0)/4.00); intervention_cost=0.0000, reversal_cost=0.0000, gamma=0.9950, lambda=0.970.
[ConstraintConfig] constrained=0, constraint_lr=0.030, active=('fulfillment', 'wait', 'margin'), margin_floor=0.080; fare-gap channels are diagnostics only.
>>> Loaded trained policy <- /Users/huali/Desktop/RideResponse/artifacts/trained_models/policy_profit_v7_seed4303_top2__20260721T142417.885977Z.pt; benchmark opponent remains static.
>>> Dataset-only mode: skipping synthetic training/evaluation.
Saved -> /Users/huali/Desktop/RideResponse/actual_if_available_p27183_d15485863_run_run_config.json
Saved graph -> /Users/huali/Desktop/RideResponse/actual_if_available_p27183_d15485863_price_match_scatter.png
Saved graph -> /Users/huali/Desktop/RideResponse/actual_if_available_p27183_d15485863_duration_match_scatter.png
>>> Kaggle comparison summary: rows=3000, price_mae=10.456, price_rmse=14.783, price_bias=2.342, price_mape=0.400
>>> Kaggle learned-policy actions: base_fare:-1@continuous,per_minute:-1@continuous,per_mile:-1@continuous,booking_fee:-1@continuous=1516, per_minute:-1@continuous,per_mile:-1@continuous=1484
>>> Kaggle duration summary: duration_mae_minutes=9.081, duration_rmse_minutes=11.974
>>> Reality gap check: policy_mae=10.456, anchor_mae=11.008, policy_improvement=+0.552, mape=0.400, bias=2.342 (overpricing).
>>> Sensitivity analysis (active tariff after restoring the simulation state; baseline ride=3mi clear weekday 14:00): base=13.47, +20%dist=14.53, +20%duration=14.00, rush18=20.52, rain=16.84, airport=18.71, premium=24.24
[RL vs Actual] {
  "dataset_root": "/Users/huali/.cache/kagglehub/datasets/aaronweymouth/nyc-rideshare-raw-data/versions/1",
  "files_scanned": 1,
  "rows_processed": 3000,
  "rows_compared": 3000,
  "rows_skipped_missing_price": 0,
  "rows_skipped_missing_distance": 0,
  "rows_skipped_invalid_price": 0,
  "rows_skipped_invalid_distance": 0,
  "files_with_comparable_rows": 1,
  "mae": 10.456173333333334,
  "anchor_tariff_mae": 11.007836666666664,
  "policy_mae_improvement_vs_anchor": 0.5516633333333303,
  "rmse": 14.78322237312736,
  "mape": 0.39991996154634246,
  "bias": 2.3421733333333337,
  "median_absolute_error": 7.85,
  "within_2_dollars": 0.141,
  "within_5_dollars": 0.3313333333333333,
  "actual_price_mean": 31.352263333333337,
  "predicted_price_mean": 33.69443666666667,
  "price_correlation": 0.8467469441731063,
  "duration_mae_minutes": 9.081375422222223,
  "duration_rmse_minutes": 11.97383694945436,
  "duration_mape": 0.4411800138920496,
  "out_csv": "/Users/huali/Desktop/RideResponse/artifacts/policy_profit_v7_seed4303_top2_nyc_robustness/actual_if_available_p27183_d15485863_rows.csv",
  "out_plot_prefix": "/Users/huali/Desktop/RideResponse/actual_if_available_p27183_d15485863",
  "policy_mode": "top2_margin",
  "policy_temperature": 0.5,
  "policy_seed": 27183,
  "dataset_sample_seed": 15485863,
  "duration_mode": "actual_if_available"
}
