Intel MKL WARNING: Support of Intel(R) Streaming SIMD Extensions 4.2 (Intel(R) SSE4.2) enabled only processors has been deprecated. Intel oneAPI Math Kernel Library 2025.0 will require Intel(R) Advanced Vector Extensions (Intel(R) AVX) instructions.
[WARN] --report_prefix was absolute (/Users/huali/Desktop/RideResponse/artifacts/policy_profit_v7_seed4303_top2_nyc_robustness/predicted_only_p99173_d130363_run); rewriting to /Users/huali/Desktop/RideResponse/predicted_only_p99173_d130363_run so graphs are generated in code folder.
[WARN] --comparison_plot_prefix was absolute (/Users/huali/Desktop/RideResponse/artifacts/policy_profit_v7_seed4303_top2_nyc_robustness/predicted_only_p99173_d130363); rewriting to /Users/huali/Desktop/RideResponse/predicted_only_p99173_d130363 so graphs are generated in code folder.
[ChoiceModel] GPT price-threshold mode enabled (thresholds consumed from profile).
Using random seed: 4303
[LongTermProfitReward] own=1.000*asinh(profit/4.00) + dominance=0.100*profit_quality*tanh((profit-rival_profit)/2.50), profit_quality=1-exp(-max(profit,0)/4.00); intervention_cost=0.0000, reversal_cost=0.0000, gamma=0.9950, lambda=0.970.
[ConstraintConfig] constrained=0, constraint_lr=0.030, active=('fulfillment', 'wait', 'margin'), margin_floor=0.080; fare-gap channels are diagnostics only.
>>> Loaded trained policy <- /Users/huali/Desktop/RideResponse/artifacts/trained_models/policy_profit_v7_seed4303_top2__20260721T142417.885977Z.pt; benchmark opponent remains static.
>>> Dataset-only mode: skipping synthetic training/evaluation.
Saved -> /Users/huali/Desktop/RideResponse/predicted_only_p99173_d130363_run_run_config.json
Saved graph -> /Users/huali/Desktop/RideResponse/predicted_only_p99173_d130363_price_match_scatter.png
Saved graph -> /Users/huali/Desktop/RideResponse/predicted_only_p99173_d130363_duration_match_scatter.png
>>> Kaggle comparison summary: rows=3000, price_mae=9.189, price_rmse=14.358, price_bias=-2.152, price_mape=0.303
>>> Kaggle learned-policy actions: per_minute:-1@continuous,per_mile:-1@continuous=1523, base_fare:-1@continuous,per_minute:-1@continuous,per_mile:-1@continuous,booking_fee:-1@continuous=1477
>>> Kaggle duration summary: duration_mae_minutes=7.550, duration_rmse_minutes=10.202
>>> Reality gap check: policy_mae=9.189, anchor_mae=9.352, policy_improvement=+0.163, mape=0.303, bias=-2.152 (underpricing).
>>> Sensitivity analysis (active tariff after restoring the simulation state; baseline ride=3mi clear weekday 14:00): base=13.47, +20%dist=14.53, +20%duration=14.00, rush18=20.52, rain=16.84, airport=18.71, premium=24.24
[RL vs Actual] {
  "dataset_root": "/Users/huali/.cache/kagglehub/datasets/aaronweymouth/nyc-rideshare-raw-data/versions/1",
  "files_scanned": 1,
  "rows_processed": 3007,
  "rows_compared": 3000,
  "rows_skipped_missing_price": 0,
  "rows_skipped_missing_distance": 0,
  "rows_skipped_invalid_price": 5,
  "rows_skipped_invalid_distance": 1,
  "files_with_comparable_rows": 1,
  "mae": 9.188910000000002,
  "anchor_tariff_mae": 9.35225,
  "policy_mae_improvement_vs_anchor": 0.16333999999999804,
  "rmse": 14.358437118990354,
  "mape": 0.3025379210979289,
  "bias": -2.1522300000000003,
  "median_absolute_error": 5.62,
  "within_2_dollars": 0.20833333333333334,
  "within_5_dollars": 0.463,
  "actual_price_mean": 29.84328,
  "predicted_price_mean": 27.691049999999997,
  "price_correlation": 0.805487780301485,
  "duration_mae_minutes": 7.550344666666667,
  "duration_rmse_minutes": 10.201735939630842,
  "duration_mape": 0.39188475774161136,
  "out_csv": "/Users/huali/Desktop/RideResponse/artifacts/policy_profit_v7_seed4303_top2_nyc_robustness/predicted_only_p99173_d130363_rows.csv",
  "out_plot_prefix": "/Users/huali/Desktop/RideResponse/predicted_only_p99173_d130363",
  "policy_mode": "top2_margin",
  "policy_temperature": 0.5,
  "policy_seed": 99173,
  "dataset_sample_seed": 130363,
  "duration_mode": "predicted_only"
}
