Intel MKL WARNING: Support of Intel(R) Streaming SIMD Extensions 4.2 (Intel(R) SSE4.2) enabled only processors has been deprecated. Intel oneAPI Math Kernel Library 2025.0 will require Intel(R) Advanced Vector Extensions (Intel(R) AVX) instructions.
[ChoiceModel] GPT price-threshold mode enabled (thresholds consumed from profile).
Using random seed: 2026
[RewardConfig] share=0.62, profit=0.38, price_gap_penalty=0.35, target_gap(F2-F1)=$1.00, profit_scale=4.00, dominance=0.00, trend=0.00, momentum=0.00, driver_fulfillment=0.12, driver_wait=0.06, driver_reject=0.08, driver_unfulfilled=0.18, action_change=0.04, driver_warmup=0.50, constrained=0, constraint_lr=0.030, constraint_scale=0.35, constraint_curriculum=(0.25,0.60,1.00), gap_band_fraction=0.75, gap_penalty_scale_fraction=0.75
[Calibration] Applied preset=nyc_public for market=New York City.
[Calibration] {
  "sample_size": 12000000,
  "market": {
    "weather_probs": {
      "clear": 0.58,
      "rain": 0.29,
      "snow": 0.13
    },
    "service_probs": {
      "economy": 0.88,
      "premium": 0.12
    },
    "airport_prob": 0.19
  },
  "agent": {
    "age_mean": 36.8,
    "age_std": 12.4,
    "income_probs": {
      "<50k": 0.21,
      "50k-100k": 0.34,
      "100k-200k": 0.29,
      "200k+": 0.16
    },
    "household_lambda": 1.95,
    "p_new": 0.34
  },
  "choice": {
    "price_sensitivity_scale": 1.12,
    "loyalty_scale": 0.97,
    "reliability_scale": 1.08
  }
}
>>> run_experiment stochastic seed=315975376 (independent of --seed for robustness)
[ThresholdCache] Loaded 20000 cached threshold profiles from artifacts/threshold_cache/20_target_gap_guarded_ppo_threshold_profiles.jsonl.
>>> Synthetic setup: profile_pool=20000, train days=1000 x 10 steps/day x 5000 rides, eval timesteps=200 x 1000 rides
>>> PPO rollout/update cadence: 10 day(s) per optimizer step (~100 transitions/update).
>>> Training RL agent on synthetic New York City sampling (day/timestep cadence)...
  [train 100/1000] reward=0.030 moving_avg20=-0.019 share=0.378 revPR=10.50 profitPR=2.23 gap(F2-F1)=0.58 fulfill=0.769 accept=0.769 KL=0.0001 clip=0.000
  [train 200/1000] reward=0.012 moving_avg20=-0.005 share=0.370 revPR=10.09 profitPR=2.15 gap(F2-F1)=0.73 fulfill=0.739 accept=0.739 KL=0.0007 clip=0.000
  [train 300/1000] reward=-0.070 moving_avg20=-0.020 share=0.363 revPR=7.49 profitPR=1.45 gap(F2-F1)=0.45 fulfill=0.696 accept=0.696 KL=0.0005 clip=0.000
  [train 400/1000] reward=0.043 moving_avg20=-0.023 share=0.412 revPR=9.46 profitPR=1.85 gap(F2-F1)=0.88 fulfill=0.757 accept=0.757 KL=0.0008 clip=0.000
  [train 500/1000] reward=-0.024 moving_avg20=-0.033 share=0.387 revPR=8.16 profitPR=1.52 gap(F2-F1)=0.46 fulfill=0.732 accept=0.732 KL=0.0005 clip=0.000
  [train 600/1000] reward=-0.047 moving_avg20=-0.031 share=0.365 revPR=9.03 profitPR=1.81 gap(F2-F1)=0.55 fulfill=0.700 accept=0.700 KL=0.0001 clip=0.000
  [train 700/1000] reward=0.016 moving_avg20=0.006 share=0.378 revPR=9.65 profitPR=2.04 gap(F2-F1)=0.69 fulfill=0.771 accept=0.771 KL=0.0000 clip=0.000
  [train 800/1000] reward=-0.030 moving_avg20=-0.006 share=0.398 revPR=7.25 profitPR=1.33 gap(F2-F1)=0.48 fulfill=0.742 accept=0.742 KL=0.0000 clip=0.000
  [train 900/1000] reward=-0.000 moving_avg20=-0.013 share=0.406 revPR=8.26 profitPR=1.57 gap(F2-F1)=0.77 fulfill=0.729 accept=0.729 KL=0.0000 clip=0.000
  [train 1000/1000] reward=-0.038 moving_avg20=-0.020 share=0.392 revPR=7.90 profitPR=1.48 gap(F2-F1)=0.73 fulfill=0.699 accept=0.699 KL=0.0000 clip=0.000
>>> Evaluating RL agent against static/heuristic opponent with shared profile pool...
  [eval 20/200] reward=-0.191 moving_avg20=-0.043 share=0.321 revPR=4.44 gap(F2-F1)=-0.68
  [eval 40/200] reward=-0.111 moving_avg20=-0.102 share=0.312 revPR=4.51 gap(F2-F1)=-1.39
  [eval 60/200] reward=-0.326 moving_avg20=-0.276 share=0.183 revPR=2.00 gap(F2-F1)=-1.98
  [eval 80/200] reward=-0.532 moving_avg20=-0.460 share=0.056 revPR=0.52 gap(F2-F1)=-3.70
  [eval 100/200] reward=-0.592 moving_avg20=-0.573 share=0.023 revPR=0.20 gap(F2-F1)=-5.08
  [eval 120/200] reward=-0.641 moving_avg20=-0.611 share=0.003 revPR=0.03 gap(F2-F1)=-9.24
  [eval 140/200] reward=-0.655 moving_avg20=-0.631 share=0.000 revPR=0.00 gap(F2-F1)=-12.98
  [eval 160/200] reward=-0.654 moving_avg20=-0.646 share=0.000 revPR=0.00 gap(F2-F1)=-12.48
  [eval 180/200] reward=-0.650 moving_avg20=-0.647 share=0.000 revPR=0.00 gap(F2-F1)=-10.82
  [eval 200/200] reward=-0.658 moving_avg20=-0.647 share=0.000 revPR=0.00 gap(F2-F1)=-14.53
>>> Saved sampled profiles -> artifacts/diagnostics/diag_02_unconstrained_ablation_profiles.csv (rows=200000)
>>> Profile export capped at profiles_log_limit=200000 rows.
>>> Training reward trajectory summary: min=-0.208, max=0.118, final=-0.038
>>> Testing reward trajectory summary: min=-0.661, max=0.117, final=-0.658
Experiment Complete.
Saved -> /Users/huali/Desktop/RideResponse/artifacts/diagnostics/diag_02_unconstrained_ablation_training_diagnostics.csv
Saved -> /Users/huali/Desktop/RideResponse/artifacts/diagnostics/diag_02_unconstrained_ablation_evaluation_diagnostics.csv
Saved -> /Users/huali/Desktop/RideResponse/artifacts/diagnostics/diag_02_unconstrained_ablation_price_threshold_distribution.csv
Saved graph -> /Users/huali/Desktop/RideResponse/artifacts/diagnostics/diag_02_unconstrained_ablation_dist_PriceThreshold.png
Saved graph -> /Users/huali/Desktop/RideResponse/artifacts/diagnostics/diag_02_unconstrained_ablation_reward_training.png
Saved graph -> /Users/huali/Desktop/RideResponse/artifacts/diagnostics/diag_02_unconstrained_ablation_reward_evaluation.png
Saved graph -> /Users/huali/Desktop/RideResponse/artifacts/diagnostics/diag_02_unconstrained_ablation_training_business_diagnostics.png
Saved graph -> /Users/huali/Desktop/RideResponse/artifacts/diagnostics/diag_02_unconstrained_ablation_training_ppo_diagnostics.png
Saved graph -> /Users/huali/Desktop/RideResponse/artifacts/diagnostics/diag_02_unconstrained_ablation_training_coeff_airport_fee_trajectory.png
Saved graph -> /Users/huali/Desktop/RideResponse/artifacts/diagnostics/diag_02_unconstrained_ablation_training_coeff_base_fare_trajectory.png
Saved graph -> /Users/huali/Desktop/RideResponse/artifacts/diagnostics/diag_02_unconstrained_ablation_training_coeff_booking_fee_trajectory.png
Saved graph -> /Users/huali/Desktop/RideResponse/artifacts/diagnostics/diag_02_unconstrained_ablation_training_coeff_per_mile_trajectory.png
Saved graph -> /Users/huali/Desktop/RideResponse/artifacts/diagnostics/diag_02_unconstrained_ablation_training_coeff_per_minute_trajectory.png
Saved graph -> /Users/huali/Desktop/RideResponse/artifacts/diagnostics/diag_02_unconstrained_ablation_evaluation_business_diagnostics.png
Saved graph -> /Users/huali/Desktop/RideResponse/artifacts/diagnostics/diag_02_unconstrained_ablation_evaluation_coeff_airport_fee_trajectory.png
Saved graph -> /Users/huali/Desktop/RideResponse/artifacts/diagnostics/diag_02_unconstrained_ablation_evaluation_coeff_base_fare_trajectory.png
Saved graph -> /Users/huali/Desktop/RideResponse/artifacts/diagnostics/diag_02_unconstrained_ablation_evaluation_coeff_booking_fee_trajectory.png
Saved graph -> /Users/huali/Desktop/RideResponse/artifacts/diagnostics/diag_02_unconstrained_ablation_evaluation_coeff_per_mile_trajectory.png
Saved graph -> /Users/huali/Desktop/RideResponse/artifacts/diagnostics/diag_02_unconstrained_ablation_evaluation_coeff_per_minute_trajectory.png
