Intel MKL WARNING: Support of Intel(R) Streaming SIMD Extensions 4.2 (Intel(R) SSE4.2) enabled only processors has been deprecated. Intel oneAPI Math Kernel Library 2025.0 will require Intel(R) Advanced Vector Extensions (Intel(R) AVX) instructions.
[ChoiceModel] GPT price-threshold mode enabled (thresholds consumed from profile).
Using random seed: 4500
[LongTermProfitReward] own=1.000*asinh(profit/4.00) + dominance=0.100*profit_quality*tanh((profit-rival_profit)/2.50), profit_quality=1-exp(-max(profit,0)/4.00); intervention_cost=0.0000, reversal_cost=0.0000, gamma=0.9950, lambda=0.970.
[ConstraintConfig] constrained=0, constraint_lr=0.030, active=('fulfillment', 'wait', 'margin'), margin_floor=0.080; fare-gap channels are diagnostics only.
>>> Loaded trained policy <- /Users/huali/Desktop/RideResponse/artifacts/trained_models/dynamic_v8_seed27183_gate.pt; model_id=dynamic_v8_seed27183_gate, training_seed=27183 (artifact_metadata); benchmark opponent remains static.
[ThresholdCache] Loaded 30000 cached threshold profiles from artifacts/threshold_profiles_30k.jsonl.
>>> Synthetic setup: profile_pool=30000, train days=0 x 10 steps/day x 5000 rides, eval timesteps=1000 x 200 rides, mc_samples(train/eval)=2000/200
>>> PPO rollout/update cadence: 10 day(s) per optimizer step (~100 price decisions/update; minimum rollout=128 transitions; Firm1 holds each price action for 1 step(s)).
>>> Evaluation-only mode: using loaded Firm1 policy without optimizer updates.
>>> Competitor mode for both training and evaluation: static
>>> Evaluating RL agent against same-level static opponent with shared profile pool...
  [eval 100/1000] reward=0.319 moving_avg20=0.243 share=0.400 rivalShare=0.000 revPR=6.94 rivalRevPR=0.00 profitPR=1.25 rivalProfitPR=0.00 profitAdv=+1.25 gap(F2-F1)=21.52 action=hold
    [eval segments] 0-2:ch=1.00/done=0.52/gap=9.76 | 2-5:ch=1.00/done=0.47/gap=18.98 | 5-10:ch=0.98/done=0.18/gap=32.77 | 10+:ch=0.93/done=0.14/gap=60.39
  [eval 200/1000] reward=0.196 moving_avg20=0.284 share=0.250 rivalShare=0.000 revPR=4.38 rivalRevPR=0.00 profitPR=0.77 rivalProfitPR=0.00 profitAdv=+0.77 gap(F2-F1)=18.29 action=hold
    [eval segments] 0-2:ch=1.00/done=0.28/gap=7.77 | 2-5:ch=1.00/done=0.30/gap=16.20 | 5-10:ch=0.97/done=0.20/gap=29.12 | 10+:ch=1.00/done=0.11/gap=46.54
  [eval 300/1000] reward=0.308 moving_avg20=0.264 share=0.380 rivalShare=0.000 revPR=6.65 rivalRevPR=0.00 profitPR=1.20 rivalProfitPR=0.00 profitAdv=+1.20 gap(F2-F1)=19.95 action=hold
    [eval segments] 0-2:ch=1.00/done=0.46/gap=9.30 | 2-5:ch=0.99/done=0.33/gap=17.95 | 5-10:ch=0.96/done=0.33/gap=27.51 | 10+:ch=0.92/done=0.29/gap=54.98
  [eval 400/1000] reward=0.310 moving_avg20=0.272 share=0.350 rivalShare=0.000 revPR=6.54 rivalRevPR=0.00 profitPR=1.21 rivalProfitPR=0.00 profitAdv=+1.21 gap(F2-F1)=17.98 action=hold
    [eval segments] 0-2:ch=1.00/done=0.40/gap=8.58 | 2-5:ch=0.99/done=0.32/gap=16.34 | 5-10:ch=1.00/done=0.23/gap=26.63 | 10+:ch=1.00/done=0.50/gap=53.65
  [eval 500/1000] reward=0.190 moving_avg20=0.220 share=0.290 rivalShare=0.000 revPR=4.42 rivalRevPR=0.00 profitPR=0.74 rivalProfitPR=0.00 profitAdv=+0.74 gap(F2-F1)=13.62 action=hold
    [eval segments] 0-2:ch=0.99/done=0.26/gap=6.72 | 2-5:ch=0.99/done=0.37/gap=12.56 | 5-10:ch=1.00/done=0.24/gap=21.02 | 10+:ch=0.92/done=0.15/gap=41.26
  [eval 600/1000] reward=0.342 moving_avg20=0.278 share=0.395 rivalShare=0.000 revPR=7.35 rivalRevPR=0.00 profitPR=1.34 rivalProfitPR=0.00 profitAdv=+1.34 gap(F2-F1)=20.75 action=hold
    [eval segments] 0-2:ch=1.00/done=0.50/gap=8.87 | 2-5:ch=0.99/done=0.38/gap=18.61 | 5-10:ch=0.98/done=0.32/gap=32.61 | 10+:ch=0.77/done=0.15/gap=62.79
  [eval 700/1000] reward=0.324 moving_avg20=0.300 share=0.355 rivalShare=0.000 revPR=6.90 rivalRevPR=0.00 profitPR=1.26 rivalProfitPR=0.00 profitAdv=+1.26 gap(F2-F1)=22.29 action=hold
    [eval segments] 0-2:ch=1.00/done=0.41/gap=9.27 | 2-5:ch=1.00/done=0.37/gap=17.76 | 5-10:ch=0.98/done=0.35/gap=33.69 | 10+:ch=0.94/done=0.11/gap=59.88
  [eval 800/1000] reward=0.186 moving_avg20=0.267 share=0.290 rivalShare=0.005 revPR=4.37 rivalRevPR=0.04 profitPR=0.73 rivalProfitPR=0.00 profitAdv=+0.72 gap(F2-F1)=12.93 action=hold
    [eval segments] 0-2:ch=0.99/done=0.34/gap=5.94 | 2-5:ch=0.99/done=0.31/gap=10.86 | 5-10:ch=1.00/done=0.19/gap=20.91 | 10+:ch=1.00/done=0.19/gap=36.56
  [eval 900/1000] reward=0.422 moving_avg20=0.247 share=0.375 rivalShare=0.000 revPR=8.57 rivalRevPR=0.00 profitPR=1.65 rivalProfitPR=0.00 profitAdv=+1.65 gap(F2-F1)=27.71 action=hold
    [eval segments] 0-2:ch=1.00/done=0.31/gap=11.37 | 2-5:ch=1.00/done=0.43/gap=22.65 | 5-10:ch=0.92/done=0.42/gap=43.78 | 10+:ch=0.85/done=0.35/gap=73.75
  [eval 1000/1000] reward=0.237 moving_avg20=0.269 share=0.285 rivalShare=0.000 revPR=5.03 rivalRevPR=0.00 profitPR=0.93 rivalProfitPR=0.00 profitAdv=+0.93 gap(F2-F1)=18.06 action=hold
    [eval segments] 0-2:ch=1.00/done=0.32/gap=8.76 | 2-5:ch=1.00/done=0.23/gap=17.06 | 5-10:ch=0.97/done=0.35/gap=30.57 | 10+:ch=0.93/done=0.14/gap=52.49
No rows to write.
>>> Saved sampled profiles -> artifacts/sampled_profiles.csv (rows=0)
>>> Profile export capped at profiles_log_limit=0 rows.
>>> Testing reward trajectory summary: min=0.102, max=0.663, final=0.237
>>> Evaluation competitive summary (1000 days): share=0.321 rivalShare=0.002 revPR=5.80 rivalRevPR=0.03 profitPR=1.05 rivalProfitPR=0.01 profitAdv=+1.05
>>> Competitive durability backtest: FAIL; lateShareAdv=+nan, lateProfitAdv=+nan, validationTrend=+nan, evalRewardRetention=nan%, lateFareMove=nan%, lateActions=0
    [backtest failures] training_or_evaluation_logs_missing
Experiment Complete.
Saved -> /Users/huali/Desktop/RideResponse/artifacts/dynamic_v8_seed27183_gate_vs_static_evaluation_diagnostics.csv
Saved -> /Users/huali/Desktop/RideResponse/artifacts/dynamic_v8_seed27183_gate_vs_static_price_gap_threshold_distribution.csv
Saved graph -> /Users/huali/Desktop/RideResponse/artifacts/dynamic_v8_seed27183_gate_vs_static_dist_PriceGapThreshold.png
Saved graph -> /Users/huali/Desktop/RideResponse/artifacts/dynamic_v8_seed27183_gate_vs_static_reward_evaluation.png
Saved graph -> /Users/huali/Desktop/RideResponse/artifacts/dynamic_v8_seed27183_gate_vs_static_evaluation_competitive_performance.png
Saved graph -> /Users/huali/Desktop/RideResponse/artifacts/dynamic_v8_seed27183_gate_vs_static_evaluation_business_diagnostics.png
Saved graph -> /Users/huali/Desktop/RideResponse/artifacts/dynamic_v8_seed27183_gate_vs_static_evaluation_coeff_airport_fee_trajectory.png
Saved graph -> /Users/huali/Desktop/RideResponse/artifacts/dynamic_v8_seed27183_gate_vs_static_evaluation_coeff_base_fare_trajectory.png
Saved graph -> /Users/huali/Desktop/RideResponse/artifacts/dynamic_v8_seed27183_gate_vs_static_evaluation_coeff_booking_fee_trajectory.png
Saved graph -> /Users/huali/Desktop/RideResponse/artifacts/dynamic_v8_seed27183_gate_vs_static_evaluation_coeff_per_mile_trajectory.png
Saved graph -> /Users/huali/Desktop/RideResponse/artifacts/dynamic_v8_seed27183_gate_vs_static_evaluation_coeff_per_minute_trajectory.png
Saved -> /Users/huali/Desktop/RideResponse/artifacts/dynamic_v8_seed27183_gate_vs_static_run_config.json
[WARN] Report-prefix seed label does not match the effective run seed: prefix labels=[27183], effective_seed=4500. The run-config and trained-policy identity are authoritative.
