Intel MKL WARNING: Support of Intel(R) Streaming SIMD Extensions 4.2 (Intel(R) SSE4.2) enabled only processors has been deprecated. Intel oneAPI Math Kernel Library 2025.0 will require Intel(R) Advanced Vector Extensions (Intel(R) AVX) instructions.
[ChoiceModel] GPT price-threshold mode enabled (thresholds consumed from profile).
[PricingParity] Firm1 and Firm2 share actions=21, keys=['base_fare', 'per_minute', 'per_mile', 'booking_fee', 'airport_fee'].
Using random seed: 4500
[LongTermProfitReward] own=1.000*asinh(profit/4.00) + dominance=0.100*profit_quality*tanh((profit-rival_profit)/2.50), profit_quality=1-exp(-max(profit,0)/4.00); intervention_cost=0.0000, reversal_cost=0.0000, gamma=0.9950, lambda=0.970.
[ConstraintConfig] constrained=0, constraint_lr=0.030, active=('fulfillment', 'wait', 'margin'), margin_floor=0.080; fare-gap channels are diagnostics only.
>>> Loaded trained policy <- /Users/huali/Desktop/RideResponse/artifacts/trained_models/dynamic_v8_seed27183_gate.pt; model_id=dynamic_v8_seed27183_gate, training_seed=27183 (artifact_metadata); benchmark opponent remains pi_price_gap.
[ThresholdCache] Loaded 30000 cached threshold profiles from artifacts/threshold_profiles_30k.jsonl.
>>> Synthetic setup: profile_pool=30000, train days=0 x 10 steps/day x 5000 rides, eval timesteps=1000 x 200 rides, mc_samples(train/eval)=2000/200
>>> PPO rollout/update cadence: 10 day(s) per optimizer step (~100 price decisions/update; minimum rollout=128 transitions; Firm1 holds each price action for 1 step(s)).
>>> Firm2 heuristic cadence: manipulate/update every 5 operational decision period(s).
>>> Evaluation-only mode: using loaded Firm1 policy without optimizer updates.
>>> Competitor mode for both training and evaluation: pi_price_gap
>>> Evaluating RL agent against same-level pi_price_gap opponent with shared profile pool...
  [eval 100/1000] reward=0.319 moving_avg20=0.243 share=0.400 rivalShare=0.000 revPR=6.94 rivalRevPR=0.00 profitPR=1.25 rivalProfitPR=0.00 profitAdv=+1.25 gap(F2-F1)=19.98 action=hold
    [eval segments] 0-2:ch=1.00/done=0.52/gap=9.30 | 2-5:ch=1.00/done=0.47/gap=17.58 | 5-10:ch=0.98/done=0.18/gap=30.26 | 10+:ch=0.93/done=0.14/gap=55.47
  [eval 200/1000] reward=0.196 moving_avg20=0.285 share=0.250 rivalShare=0.005 revPR=4.38 rivalRevPR=0.06 profitPR=0.77 rivalProfitPR=0.01 profitAdv=+0.76 gap(F2-F1)=15.88 action=hold
    [eval segments] 0-2:ch=0.99/done=0.28/gap=6.80 | 2-5:ch=1.00/done=0.30/gap=14.01 | 5-10:ch=0.97/done=0.20/gap=25.29 | 10+:ch=1.00/done=0.11/gap=40.38
  [eval 300/1000] reward=0.308 moving_avg20=0.263 share=0.380 rivalShare=0.000 revPR=6.65 rivalRevPR=0.00 profitPR=1.20 rivalProfitPR=0.00 profitAdv=+1.20 gap(F2-F1)=15.56 action=hold
    [eval segments] 0-2:ch=1.00/done=0.46/gap=7.42 | 2-5:ch=0.99/done=0.33/gap=13.93 | 5-10:ch=0.96/done=0.33/gap=21.26 | 10+:ch=0.92/done=0.29/gap=42.67
  [eval 400/1000] reward=0.304 moving_avg20=0.270 share=0.340 rivalShare=0.010 revPR=6.40 rivalRevPR=0.18 profitPR=1.19 rivalProfitPR=0.04 profitAdv=+1.15 gap(F2-F1)=12.90 action=hold
    [eval segments] 0-2:ch=0.98/done=0.37/gap=6.37 | 2-5:ch=0.99/done=0.32/gap=11.63 | 5-10:ch=1.00/done=0.23/gap=18.90 | 10+:ch=1.00/done=0.50/gap=38.21
  [eval 500/1000] reward=0.183 moving_avg20=0.216 share=0.280 rivalShare=0.015 revPR=4.28 rivalRevPR=0.22 profitPR=0.72 rivalProfitPR=0.04 profitAdv=+0.68 gap(F2-F1)=8.71 action=hold
    [eval segments] 0-2:ch=0.96/done=0.25/gap=4.34 | 2-5:ch=0.97/done=0.36/gap=7.87 | 5-10:ch=1.00/done=0.24/gap=13.51 | 10+:ch=0.92/done=0.15/gap=26.94
  [eval 600/1000] reward=0.337 moving_avg20=0.276 share=0.385 rivalShare=0.015 revPR=7.23 rivalRevPR=0.25 profitPR=1.32 rivalProfitPR=0.05 profitAdv=+1.26 gap(F2-F1)=12.32 action=hold
    [eval segments] 0-2:ch=0.96/done=0.46/gap=5.18 | 2-5:ch=0.99/done=0.39/gap=10.91 | 5-10:ch=0.98/done=0.32/gap=19.48 | 10+:ch=0.77/done=0.15/gap=38.25
  [eval 700/1000] reward=0.312 moving_avg20=0.294 share=0.340 rivalShare=0.020 revPR=6.66 rivalRevPR=0.31 profitPR=1.22 rivalProfitPR=0.06 profitAdv=+1.16 gap(F2-F1)=12.03 action=hold
    [eval segments] 0-2:ch=0.94/done=0.36/gap=4.74 | 2-5:ch=1.00/done=0.37/gap=9.36 | 5-10:ch=0.98/done=0.35/gap=18.24 | 10+:ch=0.94/done=0.11/gap=34.00
  [eval 800/1000] reward=0.158 moving_avg20=0.252 share=0.235 rivalShare=0.085 revPR=3.72 rivalRevPR=1.02 profitPR=0.63 rivalProfitPR=0.18 profitAdv=+0.45 gap(F2-F1)=5.40 action=hold
    [eval segments] 0-2:ch=0.84/done=0.21/gap=2.12 | 2-5:ch=0.92/done=0.28/gap=4.37 | 5-10:ch=1.00/done=0.22/gap=9.60 | 10+:ch=1.00/done=0.19/gap=15.79
  [eval 900/1000] reward=0.415 moving_avg20=0.228 share=0.365 rivalShare=0.060 revPR=8.44 rivalRevPR=0.89 profitPR=1.63 rivalProfitPR=0.18 profitAdv=+1.45 gap(F2-F1)=10.99 action=hold
    [eval segments] 0-2:ch=0.83/done=0.26/gap=4.24 | 2-5:ch=1.00/done=0.44/gap=8.73 | 5-10:ch=0.92/done=0.42/gap=17.67 | 10+:ch=0.85/done=0.35/gap=30.47
  [eval 1000/1000] reward=0.206 moving_avg20=0.248 share=0.230 rivalShare=0.090 revPR=4.36 rivalRevPR=1.14 profitPR=0.81 rivalProfitPR=0.21 profitAdv=+0.61 gap(F2-F1)=5.87 action=hold
    [eval segments] 0-2:ch=0.82/done=0.19/gap=2.55 | 2-5:ch=0.97/done=0.23/gap=5.73 | 5-10:ch=0.97/done=0.35/gap=10.00 | 10+:ch=0.93/done=0.21/gap=18.08
No rows to write.
>>> Saved sampled profiles -> artifacts/sampled_profiles.csv (rows=0)
>>> Profile export capped at profiles_log_limit=0 rows.
>>> Testing reward trajectory summary: min=0.069, max=0.663, final=0.206
>>> Evaluation competitive summary (1000 days): share=0.309 rivalShare=0.026 revPR=5.66 rivalRevPR=0.35 profitPR=1.03 rivalProfitPR=0.06 profitAdv=+0.97
>>> Competitive durability backtest: FAIL; lateShareAdv=+nan, lateProfitAdv=+nan, validationTrend=+nan, evalRewardRetention=nan%, lateFareMove=nan%, lateActions=0
    [backtest failures] training_or_evaluation_logs_missing
Experiment Complete.
Saved -> /Users/huali/Desktop/RideResponse/artifacts/dynamic_v8_seed27183_gate_vs_pi_price_gap_evaluation_diagnostics.csv
Saved -> /Users/huali/Desktop/RideResponse/artifacts/dynamic_v8_seed27183_gate_vs_pi_price_gap_price_gap_threshold_distribution.csv
Saved graph -> /Users/huali/Desktop/RideResponse/artifacts/dynamic_v8_seed27183_gate_vs_pi_price_gap_dist_PriceGapThreshold.png
Saved graph -> /Users/huali/Desktop/RideResponse/artifacts/dynamic_v8_seed27183_gate_vs_pi_price_gap_reward_evaluation.png
Saved graph -> /Users/huali/Desktop/RideResponse/artifacts/dynamic_v8_seed27183_gate_vs_pi_price_gap_evaluation_competitive_performance.png
Saved graph -> /Users/huali/Desktop/RideResponse/artifacts/dynamic_v8_seed27183_gate_vs_pi_price_gap_evaluation_business_diagnostics.png
Saved graph -> /Users/huali/Desktop/RideResponse/artifacts/dynamic_v8_seed27183_gate_vs_pi_price_gap_evaluation_coeff_airport_fee_trajectory.png
Saved graph -> /Users/huali/Desktop/RideResponse/artifacts/dynamic_v8_seed27183_gate_vs_pi_price_gap_evaluation_coeff_base_fare_trajectory.png
Saved graph -> /Users/huali/Desktop/RideResponse/artifacts/dynamic_v8_seed27183_gate_vs_pi_price_gap_evaluation_coeff_booking_fee_trajectory.png
Saved graph -> /Users/huali/Desktop/RideResponse/artifacts/dynamic_v8_seed27183_gate_vs_pi_price_gap_evaluation_coeff_per_mile_trajectory.png
Saved graph -> /Users/huali/Desktop/RideResponse/artifacts/dynamic_v8_seed27183_gate_vs_pi_price_gap_evaluation_coeff_per_minute_trajectory.png
Saved -> /Users/huali/Desktop/RideResponse/artifacts/dynamic_v8_seed27183_gate_vs_pi_price_gap_run_config.json
[WARN] Report-prefix seed label does not match the effective run seed: prefix labels=[27183], effective_seed=4500. The run-config and trained-policy identity are authoritative.
